[INFO] Scanning for projects...
[INFO] 
[INFO] ------------------------< com.ferry:ferry-food >------------------------
[INFO] Building ferry-food 0.0.1-SNAPSHOT
[INFO]   from pom.xml
[INFO] --------------------------------[ jar ]---------------------------------
[INFO] 
[INFO] --- clean:3.1.0:clean (default-clean) @ ferry-food ---
[INFO] Deleting C:\Users\rick_\OneDrive\Documentos\projects\ferry-food\target
[INFO] 
[INFO] --- resources:3.1.0:resources (default-resources) @ ferry-food ---
[INFO] Using 'UTF-8' encoding to copy filtered resources.
[INFO] Copying 1 resource
[INFO] Copying 2 resources
[INFO] 
[INFO] --- compiler:3.8.1:compile (default-compile) @ ferry-food ---
[INFO] Changes detected - recompiling the module!
[INFO] Compiling 152 source files to C:\Users\rick_\OneDrive\Documentos\projects\ferry-food\target\classes
[INFO] -------------------------------------------------------------
[ERROR] COMPILATION ERROR : 
[INFO] -------------------------------------------------------------
[ERROR] /C:/Users/rick_/OneDrive/Documentos/projects/ferry-food/src/main/java/com/ferry/food/adapter/output/persistence/mapper/CozinhaJpaMapper.java:[27,9] class, interface, or enum expected
[ERROR] /C:/Users/rick_/OneDrive/Documentos/projects/ferry-food/src/main/java/com/ferry/food/adapter/output/persistence/mapper/CozinhaJpaMapper.java:[28,5] class, interface, or enum expected
[ERROR] /C:/Users/rick_/OneDrive/Documentos/projects/ferry-food/src/main/java/com/ferry/food/adapter/output/persistence/mapper/CozinhaJpaMapper.java:[32,5] class, interface, or enum expected
[ERROR] /C:/Users/rick_/OneDrive/Documentos/projects/ferry-food/src/main/java/com/ferry/food/adapter/output/persistence/mapper/CozinhaJpaMapper.java:[33,1] class, interface, or enum expected
[INFO] 4 errors 
[INFO] -------------------------------------------------------------
[INFO] ------------------------------------------------------------------------
[INFO] BUILD FAILURE
[INFO] ------------------------------------------------------------------------
[INFO] Total time:  22.808 s
[INFO] Finished at: 2026-03-30T23:22:32-03:00
[INFO] ------------------------------------------------------------------------
[ERROR] Failed to execute goal org.apache.maven.plugins:maven-compiler-plugin:3.8.1:compile (default-compile) on project ferry-food: Compilation failure: Compilation failure: 
[ERROR] /C:/Users/rick_/OneDrive/Documentos/projects/ferry-food/src/main/java/com/ferry/food/adapter/output/persistence/mapper/CozinhaJpaMapper.java:[27,9] class, interface, or enum expected
[ERROR] /C:/Users/rick_/OneDrive/Documentos/projects/ferry-food/src/main/java/com/ferry/food/adapter/output/persistence/mapper/CozinhaJpaMapper.java:[28,5] class, interface, or enum expected
[ERROR] /C:/Users/rick_/OneDrive/Documentos/projects/ferry-food/src/main/java/com/ferry/food/adapter/output/persistence/mapper/CozinhaJpaMapper.java:[32,5] class, interface, or enum expected
[ERROR] /C:/Users/rick_/OneDrive/Documentos/projects/ferry-food/src/main/java/com/ferry/food/adapter/output/persistence/mapper/CozinhaJpaMapper.java:[33,1] class, interface, or enum expected
[ERROR] -> [Help 1]
[ERROR] 
[ERROR] To see the full stack trace of the errors, re-run Maven with the -e switch.
[ERROR] Re-run Maven using the -X switch to enable full debug logging.
[ERROR] 
[ERROR] For more information about the errors and possible solutions, please read the following articles:
[ERROR] [Help 1] http://cwiki.apache.org/confluence/display/MAVEN/MojoFailureException
